Fetching [1/53] https://www.standardautomation.in/
Fetching [2/103] http://www.standardautomation.in/
Fetching [3/110] http://www.standardautomation.in/about-us.html
Fetching [4/111] http://www.standardautomation.in/rolling-shutters.html
Fetching [5/111] http://www.standardautomation.in/m-s-rolling-shutters.html
Fetching [6/111] http://www.standardautomation.in/aluminium-rolling-shutters.html
Fetching [7/111] http://www.standardautomation.in/g-i-rolling-shutters.html
Fetching [8/111] http://www.standardautomation.in/fire-proof-rolling-shutters.html
Fetching [9/111] http://www.standardautomation.in/polycarbonate-rolling-shutters.html
Fetching [10/111] http://www.standardautomation.in/automatic-gates.html
Fetching [11/111] http://www.standardautomation.in/sliding-gate.html
Fetching [12/111] http://www.standardautomation.in/swing-gate.html
Fetching [13/111] http://www.standardautomation.in/telescoping-gate.html
Fetching [14/111] http://www.standardautomation.in/retractable-gates.html
Fetching [15/111] http://www.standardautomation.in/automatic-doors.html
Fetching [16/111] http://www.standardautomation.in/high-speed-door.html
Fetching [17/111] http://www.standardautomation.in/overhead-sectional-doors.html
Fetching [18/111] http://www.standardautomation.in/fire-sliding-door.html
Fetching [19/111] http://www.standardautomation.in/garage-door.html
Fetching [20/111] http://www.standardautomation.in/residential-garage-door.html
Fetching [21/111] http://www.standardautomation.in/sectional-door.html
Fetching [22/111] http://www.standardautomation.in/high-speed-roll-up.html
Fetching [23/111] http://www.standardautomation.in/high-speed-roll-up-door.html
Fetching [24/111] http://www.standardautomation.in/high-speed-fold-up-doors.html
Fetching [25/111] http://www.standardautomation.in/high-speed-self-repairing-doors.html
Fetching [26/111] http://www.standardautomation.in/high-speed-industrial-door.html
Fetching [27/111] http://www.standardautomation.in/loading-bay-equipment.html
Fetching [28/111] http://www.standardautomation.in/dock-house.html
Fetching [29/111] http://www.standardautomation.in/dock-levellers.html
Fetching [30/111] http://www.standardautomation.in/clients.html
Fetching [31/111] http://www.standardautomation.in/enquiry.html
Fetching [32/111] http://www.standardautomation.in/contact.html
Fetching [33/111] http://www.standardautomation.in/boom-barriers.html
Fetching [34/111] http://www.standardautomation.in/side-motor-with-chain.html
Fetching [35/111] http://www.standardautomation.in/sliding-gate-motor.html
Fetching [36/111] http://www.standardautomation.in/swing-gate-motor.html
Fetching [37/111] http://www.standardautomation.in/polycarbonate.html
Fetching [38/113] http://www.standardautomation.in/index.html
Fetching [39/113] http://www.standardautomation.in/hotels-in-alibaug.html
Fetching [40/113] http://www.standardautomation.in/sitemap.html
Fetching [41/113] http://www.standardautomation.in/m-s-grill-rolling-shutters.html
Fetching [42/113] http://www.standardautomation.in/perforated-shutters.html
Fetching [43/113] http://www.standardautomation.in/sliding-glass-door.html
Fetching [44/113] http://www.standardautomation.in/automatic-barriers.html
Fetching [45/113] http://www.standardautomation.in/retractable-barriers.html
Fetching [46/113] http://www.standardautomation.in/motors-accessories.html
Fetching [47/113] http://www.standardautomation.in/tubular-motor.html
Fetching [48/113] http://www.standardautomation.in/australian-type-motor.html
Fetching [49/113] http://www.standardautomation.in/central-motor.html
Fetching [50/113] http://www.standardautomation.in/side-motor-with-gear.html
Fetching [51/113] http://www.standardautomation.in/industrial-sliding-gate-motor.html
Fetching [52/113] http://www.standardautomation.in/sliding-glass-door-motor.html
Fetching [53/113] http://www.standardautomation.in/sectional-door-motor.html
Fetching [54/113] https://www.standardautomation.in/about-us.html
Fetching [55/114] https://www.standardautomation.in/rolling-shutters.html
Fetching [56/114] https://www.standardautomation.in/m-s-rolling-shutters.html
Fetching [57/114] https://www.standardautomation.in/fire-proof-shutters.html
Fetching [58/114] https://www.standardautomation.in/g-i-rolling-shutters.html
Fetching [59/114] https://www.standardautomation.in/aluminium-single-wall.html
Fetching [60/114] https://www.standardautomation.in/polycarbonate-rolling-shutters.html
Fetching [61/114] https://www.standardautomation.in/automatic-gates.html
Fetching [62/114] https://www.standardautomation.in/sliding-gate.html
Fetching [63/114] https://www.standardautomation.in/swing-gate.html
Fetching [64/114] https://www.standardautomation.in/telescoping-gate.html
Fetching [65/114] https://www.standardautomation.in/retractable-gates.html
Fetching [66/114] https://www.standardautomation.in/bollard.html
Fetching [67/114] https://www.standardautomation.in/turnstile.html
Fetching [68/114] https://www.standardautomation.in/tripod-turnstile.html
Fetching [69/114] https://www.standardautomation.in/flap-barrier.html
Fetching [70/114] https://www.standardautomation.in/full-height-barrier.html
Fetching [71/114] https://www.standardautomation.in/automatic-doors.html
Fetching [72/114] https://www.standardautomation.in/high-speed-door.html
Fetching [73/114] https://www.standardautomation.in/overhead-sectional-doors.html
Fetching [74/114] https://www.standardautomation.in/fire-sliding-door.html
Fetching [75/114] https://www.standardautomation.in/garage-door.html
Fetching [76/114] https://www.standardautomation.in/residential-garage-door.html
Fetching [77/114] https://www.standardautomation.in/sectional-door.html
Fetching [78/114] https://www.standardautomation.in/high-speed-roll-up.html
Fetching [79/114] https://www.standardautomation.in/high-speed-roll-up-door.html
Fetching [80/114] https://www.standardautomation.in/high-speed-fold-up-doors.html
Fetching [81/114] https://www.standardautomation.in/high-speed-self-repairing-doors.html
Fetching [82/114] https://www.standardautomation.in/high-speed-industrial-door.html
Fetching [83/114] https://www.standardautomation.in/loading-bay-equipment.html
Fetching [84/114] https://www.standardautomation.in/dock-house.html
Fetching [85/114] https://www.standardautomation.in/dock-levellers.html
Fetching [86/114] https://www.standardautomation.in/automatic-barriers.html
Fetching [87/114] https://www.standardautomation.in/boom-barriers.html
Fetching [88/114] https://www.standardautomation.in/retractable-barriers.html
Fetching [89/114] https://www.standardautomation.in/motors-accessories.html
Fetching [90/114] https://www.standardautomation.in/tubular-motor.html
Fetching [91/114] https://www.standardautomation.in/australian-type-motor.html
Fetching [92/114] https://www.standardautomation.in/central-motor.html
Fetching [93/114] https://www.standardautomation.in/side-motor-with-chain.html
Fetching [94/114] https://www.standardautomation.in/side-motor-with-gear.html
Fetching [95/114] https://www.standardautomation.in/sliding-gate-motor.html
Fetching [96/114] https://www.standardautomation.in/swing-gate-motor.html
Fetching [97/114] https://www.standardautomation.in/industrial-sliding-gate-motor.html
Fetching [98/114] https://www.standardautomation.in/sliding-glass-door-motor.html
Fetching [99/114] https://www.standardautomation.in/sectional-door-motor.html
Fetching [100/114] https://www.standardautomation.in/clients.html
Fetching [101/114] https://www.standardautomation.in/enquiry.html
Fetching [102/115] https://www.standardautomation.in/contact.html
Fetching [103/117] https://www.standardautomation.in/polycarbonate.html
Fetching [104/122] http://www.standardautomation.in/fire-proof-shutters.html
Fetching [105/122] http://www.standardautomation.in/aluminium-single-wall.html
Fetching [106/122] http://www.standardautomation.in/bollard.html
Fetching [107/122] http://www.standardautomation.in/turnstile.html
Fetching [108/122] http://www.standardautomation.in/tripod-turnstile.html
Fetching [109/122] http://www.standardautomation.in/flap-barrier.html
Fetching [110/122] http://www.standardautomation.in/full-height-barrier.html
Fetching [111/122] http://www.standardautomation.in/tile-adhesive.html
Fetching [112/122] http://www.standardautomation.in/epoxy-tile-grout.html
Fetching [113/122] http://www.standardautomation.in/industrial-engg-grout.html
Fetching [114/122] https://www.standardautomation.in/tile-adhesive.html
Fetching [115/122] https://www.standardautomation.in/index.html
Fetching [116/122] https://www.standardautomation.in/hotels-in-alibaug.html
Fetching [117/122] https://www.standardautomation.in/sitemap.html
Fetching [118/122] https://www.standardautomation.in/m-s-grill-rolling-shutters.html
Fetching [119/122] https://www.standardautomation.in/perforated-shutters.html
Fetching [120/122] https://www.standardautomation.in/sliding-glass-door.html
Fetching [121/122] https://www.standardautomation.in/epoxy-tile-grout.html
Fetching [122/122] https://www.standardautomation.in/industrial-engg-grout.html
